Archive member included because of file (symbol)

c:/program files (x86)/atmel/atmel toolchain/avr8 gcc/native/3.4.1051/avr8-gnu-toolchain/bin/../lib/gcc/avr/4.8.1/../../../../avr/lib/avrxmega6\libm.a(divsf3.o)
                              src/main.o (__divsf3)
c:/program files (x86)/atmel/atmel toolchain/avr8 gcc/native/3.4.1051/avr8-gnu-toolchain/bin/../lib/gcc/avr/4.8.1/../../../../avr/lib/avrxmega6\libm.a(divsf3x.o)
                              c:/program files (x86)/atmel/atmel toolchain/avr8 gcc/native/3.4.1051/avr8-gnu-toolchain/bin/../lib/gcc/avr/4.8.1/../../../../avr/lib/avrxmega6\libm.a(divsf3.o) (__divsf3x)
c:/program files (x86)/atmel/atmel toolchain/avr8 gcc/native/3.4.1051/avr8-gnu-toolchain/bin/../lib/gcc/avr/4.8.1/../../../../avr/lib/avrxmega6\libm.a(fixsfdi.o)
                              src/main.o (__fixunssfdi)
c:/program files (x86)/atmel/atmel toolchain/avr8 gcc/native/3.4.1051/avr8-gnu-toolchain/bin/../lib/gcc/avr/4.8.1/../../../../avr/lib/avrxmega6\libm.a(floatundisf.o)
                              src/main.o (__floatundisf)
c:/program files (x86)/atmel/atmel toolchain/avr8 gcc/native/3.4.1051/avr8-gnu-toolchain/bin/../lib/gcc/avr/4.8.1/../../../../avr/lib/avrxmega6\libm.a(fp_inf.o)
                              c:/program files (x86)/atmel/atmel toolchain/avr8 gcc/native/3.4.1051/avr8-gnu-toolchain/bin/../lib/gcc/avr/4.8.1/../../../../avr/lib/avrxmega6\libm.a(divsf3x.o) (__fp_inf)
c:/program files (x86)/atmel/atmel toolchain/avr8 gcc/native/3.4.1051/avr8-gnu-toolchain/bin/../lib/gcc/avr/4.8.1/../../../../avr/lib/avrxmega6\libm.a(fp_nan.o)
                              c:/program files (x86)/atmel/atmel toolchain/avr8 gcc/native/3.4.1051/avr8-gnu-toolchain/bin/../lib/gcc/avr/4.8.1/../../../../avr/lib/avrxmega6\libm.a(divsf3x.o) (__fp_nan)
c:/program files (x86)/atmel/atmel toolchain/avr8 gcc/native/3.4.1051/avr8-gnu-toolchain/bin/../lib/gcc/avr/4.8.1/../../../../avr/lib/avrxmega6\libm.a(fp_negdi.o)
                              c:/program files (x86)/atmel/atmel toolchain/avr8 gcc/native/3.4.1051/avr8-gnu-toolchain/bin/../lib/gcc/avr/4.8.1/../../../../avr/lib/avrxmega6\libm.a(fixsfdi.o) (__fp_negdi)
c:/program files (x86)/atmel/atmel toolchain/avr8 gcc/native/3.4.1051/avr8-gnu-toolchain/bin/../lib/gcc/avr/4.8.1/../../../../avr/lib/avrxmega6\libm.a(fp_pscA.o)
                              c:/program files (x86)/atmel/atmel toolchain/avr8 gcc/native/3.4.1051/avr8-gnu-toolchain/bin/../lib/gcc/avr/4.8.1/../../../../avr/lib/avrxmega6\libm.a(divsf3x.o) (__fp_pscA)
c:/program files (x86)/atmel/atmel toolchain/avr8 gcc/native/3.4.1051/avr8-gnu-toolchain/bin/../lib/gcc/avr/4.8.1/../../../../avr/lib/avrxmega6\libm.a(fp_pscB.o)
                              c:/program files (x86)/atmel/atmel toolchain/avr8 gcc/native/3.4.1051/avr8-gnu-toolchain/bin/../lib/gcc/avr/4.8.1/../../../../avr/lib/avrxmega6\libm.a(divsf3x.o) (__fp_pscB)
c:/program files (x86)/atmel/atmel toolchain/avr8 gcc/native/3.4.1051/avr8-gnu-toolchain/bin/../lib/gcc/avr/4.8.1/../../../../avr/lib/avrxmega6\libm.a(fp_round.o)
                              c:/program files (x86)/atmel/atmel toolchain/avr8 gcc/native/3.4.1051/avr8-gnu-toolchain/bin/../lib/gcc/avr/4.8.1/../../../../avr/lib/avrxmega6\libm.a(divsf3.o) (__fp_round)
c:/program files (x86)/atmel/atmel toolchain/avr8 gcc/native/3.4.1051/avr8-gnu-toolchain/bin/../lib/gcc/avr/4.8.1/../../../../avr/lib/avrxmega6\libm.a(fp_split3.o)
                              c:/program files (x86)/atmel/atmel toolchain/avr8 gcc/native/3.4.1051/avr8-gnu-toolchain/bin/../lib/gcc/avr/4.8.1/../../../../avr/lib/avrxmega6\libm.a(divsf3x.o) (__fp_split3)
c:/program files (x86)/atmel/atmel toolchain/avr8 gcc/native/3.4.1051/avr8-gnu-toolchain/bin/../lib/gcc/avr/4.8.1/../../../../avr/lib/avrxmega6\libm.a(fp_zero.o)
                              c:/program files (x86)/atmel/atmel toolchain/avr8 gcc/native/3.4.1051/avr8-gnu-toolchain/bin/../lib/gcc/avr/4.8.1/../../../../avr/lib/avrxmega6\libm.a(divsf3x.o) (__fp_szero)
c:/program files (x86)/atmel/atmel toolchain/avr8 gcc/native/3.4.1051/avr8-gnu-toolchain/bin/../lib/gcc/avr/4.8.1/avrxmega6\libgcc.a(_exit.o)
                              c:/program files (x86)/atmel/atmel toolchain/avr8 gcc/native/3.4.1051/avr8-gnu-toolchain/bin/../lib/gcc/avr/4.8.1/../../../../avr/lib/avrxmega6/crtx256a3bu.o (exit)
c:/program files (x86)/atmel/atmel toolchain/avr8 gcc/native/3.4.1051/avr8-gnu-toolchain/bin/../lib/gcc/avr/4.8.1/avrxmega6\libgcc.a(_copy_data.o)
                              src/main.o (__do_copy_data)
c:/program files (x86)/atmel/atmel toolchain/avr8 gcc/native/3.4.1051/avr8-gnu-toolchain/bin/../lib/gcc/avr/4.8.1/avrxmega6\libgcc.a(_clear_bss.o)
                              src/main.o (__do_clear_bss)
c:/program files (x86)/atmel/atmel toolchain/avr8 gcc/native/3.4.1051/avr8-gnu-toolchain/bin/../lib/gcc/avr/4.8.1/avrxmega6\libgcc.a(_ashldi3.o)
                              src/main.o (__ashldi3)
[...]
Memory Configuration

Name             Origin             Length             Attributes
text             0x00000000         0x00100000         xr
data             0x00802000         0x0000ffa0         rw !x
eeprom           0x00810000         0x00010000         rw !x
fuse             0x00820000         0x00000400         rw !x
lock             0x00830000         0x00000400         rw !x
signature        0x00840000         0x00000400         rw !x
user_signatures  0x00850000         0x00000400         rw !x
*default*        0x00000000         0xffffffff

Linker script and memory map

LOAD c:/program files (x86)/atmel/atmel toolchain/avr8 gcc/native/3.4.1051/avr8-gnu-toolchain/bin/../lib/gcc/avr/4.8.1/../../../../avr/lib/avrxmega6/crtx256a3bu.o
LOAD src/ASF/common/services/clock/xmega/sysclk.o
LOAD src/ASF/xmega/drivers/nvm/nvm.o
LOAD src/ASF/xmega/drivers/nvm/nvm_asm.o
LOAD src/ASF/xmega/drivers/cpu/ccp.o
LOAD src/ASF/common/services/ioport/xmega/ioport_compat.o
LOAD src/ASF/xmega/boards/xmega_a3bu_xplained/init.o
LOAD src/main.o
START GROUP
LOAD c:/program files (x86)/atmel/atmel toolchain/avr8 gcc/native/3.4.1051/avr8-gnu-toolchain/bin/../lib/gcc/avr/4.8.1/../../../../avr/lib/avrxmega6\libm.a
END GROUP
Address of section .BOOT set to 0x40000
START GROUP
LOAD c:/program files (x86)/atmel/atmel toolchain/avr8 gcc/native/3.4.1051/avr8-gnu-toolchain/bin/../lib/gcc/avr/4.8.1/avrxmega6\libgcc.a
LOAD c:/program files (x86)/atmel/atmel toolchain/avr8 gcc/native/3.4.1051/avr8-gnu-toolchain/bin/../lib/gcc/avr/4.8.1/../../../../avr/lib/avrxmega6\libm.a
LOAD c:/program files (x86)/atmel/atmel toolchain/avr8 gcc/native/3.4.1051/avr8-gnu-toolchain/bin/../lib/gcc/avr/4.8.1/../../../../avr/lib/avrxmega6\libc.a
END GROUP

.hash
 *(.hash)

.dynsym
 *(.dynsym)

.dynstr
 *(.dynstr)

.gnu.version
 *(.gnu.version)

.gnu.version_d
 *(.gnu.version_d)

.gnu.version_r
 *(.gnu.version_r)

.rel.init
 *(.rel.init)

.rela.init
 *(.rela.init)

.rel.text
 *(.rel.text)
 *(.rel.text.*)
 *(.rel.gnu.linkonce.t*)

.rela.text
 *(.rela.text)
 *(.rela.text.*)
 *(.rela.gnu.linkonce.t*)

.rel.fini
 *(.rel.fini)

.rela.fini
 *(.rela.fini)

.rel.rodata
 *(.rel.rodata)
 *(.rel.rodata.*)
 *(.rel.gnu.linkonce.r*)

.rela.rodata
 *(.rela.rodata)
 *(.rela.rodata.*)
 *(.rela.gnu.linkonce.r*)

.rel.data
 *(.rel.data)
 *(.rel.data.*)
 *(.rel.gnu.linkonce.d*)

.rela.data
 *(.rela.data)
 *(.rela.data.*)
 *(.rela.gnu.linkonce.d*)

.rel.ctors
 *(.rel.ctors)

.rela.ctors
 *(.rela.ctors)

.rel.dtors
 *(.rel.dtors)

.rela.dtors
 *(.rela.dtors)

.rel.got
 *(.rel.got)

.rela.got
 *(.rela.got)

.rel.bss
 *(.rel.bss)

.rela.bss
 *(.rela.bss)

.rel.plt
 *(.rel.plt)

.rela.plt
 *(.rela.plt)

.text           0x00000000     0x19aa
 *(.vectors)
 .vectors       0x00000000      0x1fc c:/program files (x86)/atmel/atmel toolchain/avr8 gcc/native/3.4.1051/avr8-gnu-toolchain/bin/../lib/gcc/avr/4.8.1/../../../../avr/lib/avrxmega6/crtx256a3bu.o
                0x00000000                __vector_default
                0x00000000                __vectors
 *(.vectors)
 *(.progmem.gcc*)
                0x000001fc                . = ALIGN (0x2)
                0x000001fc                __trampolines_start = .
 *(.trampolines)
 .trampolines   0x000001fc        0x0 linker stubs
 *(.trampolines*)
                0x000001fc                __trampolines_end = .
 *(.progmem*)
                0x000001fc                . = ALIGN (0x2)
 *(.jumptables)
 *(.jumptables*)
 *(.lowtext)
 *(.lowtext*)
                0x000001fc                __ctors_start = .
 *(.ctors)
                0x000001fc                __ctors_end = .
                0x000001fc                __dtors_start = .
 *(.dtors)
                0x000001fc                __dtors_end = .
 SORT(*)(.ctors)
 SORT(*)(.dtors)
 *(.init0)
 .init0         0x000001fc        0x0 c:/program files (x86)/atmel/atmel toolchain/avr8 gcc/native/3.4.1051/avr8-gnu-toolchain/bin/../lib/gcc/avr/4.8.1/../../../../avr/lib/avrxmega6/crtx256a3bu.o
                0x000001fc                __init
 *(.init0)
 *(.init1)
 *(.init1)
 *(.init2)
 .init2         0x000001fc       0x10 c:/program files (x86)/atmel/atmel toolchain/avr8 gcc/native/3.4.1051/avr8-gnu-toolchain/bin/../lib/gcc/avr/4.8.1/../../../../avr/lib/avrxmega6/crtx256a3bu.o
 *(.init2)
 *(.init3)
 *(.init3)
 *(.init4)
 .init4         0x0000020c       0x1a c:/program files (x86)/atmel/atmel toolchain/avr8 gcc/native/3.4.1051/avr8-gnu-toolchain/bin/../lib/gcc/avr/4.8.1/avrxmega6\libgcc.a(_copy_data.o)
                0x0000020c                __do_copy_data
 .init4         0x00000226       0x10 c:/program files (x86)/atmel/atmel toolchain/avr8 gcc/native/3.4.1051/avr8-gnu-toolchain/bin/../lib/gcc/avr/4.8.1/avrxmega6\libgcc.a(_clear_bss.o)
                0x00000226                __do_clear_bss
 *(.init4)
 *(.init5)
 *(.init5)
 *(.init6)
 *(.init6)
 *(.init7)
 *(.init7)
 *(.init8)
 *(.init8)
 *(.init9)
 .init9         0x00000236        0x8 c:/program files (x86)/atmel/atmel toolchain/avr8 gcc/native/3.4.1051/avr8-gnu-toolchain/bin/../lib/gcc/avr/4.8.1/../../../../avr/lib/avrxmega6/crtx256a3bu.o
 *(.init9)
 *(.text)
 .text          0x0000023e        0x2 c:/program files (x86)/atmel/atmel toolchain/avr8 gcc/native/3.4.1051/avr8-gnu-toolchain/bin/../lib/gcc/avr/4.8.1/../../../../avr/lib/avrxmega6/crtx256a3bu.o
                0x0000023e                __vector_38
                0x0000023e                __vector_104
                0x0000023e                __vector_22
                0x0000023e                __vector_63
                0x0000023e                __vector_28
                0x0000023e                __vector_67
                0x0000023e                __vector_1
                0x0000023e                __vector_119
                0x0000023e                __vector_32
                0x0000023e                __vector_75
                0x0000023e                __vector_71
                0x0000023e                __vector_91
                0x0000023e                __vector_34
                0x0000023e                __vector_62
                0x0000023e                __vector_77
                0x0000023e                __vector_102
                0x0000023e                __vector_24
                0x0000023e                __vector_12
                0x0000023e                __vector_55
                0x0000023e                __vector_69
                0x0000023e                __vector_81
                0x0000023e                __vector_90
                0x0000023e                __vector_46
                0x0000023e                __bad_interrupt
                0x0000023e                __vector_122
                0x0000023e                __vector_72
                0x0000023e                __vector_114
                0x0000023e                __vector_6
                0x0000023e                __vector_110
                0x0000023e                __vector_31
                0x0000023e                __vector_92
                0x0000023e                __vector_35
                0x0000023e                __vector_78
                0x0000023e                __vector_74
                0x0000023e                __vector_117
                0x0000023e                __vector_39
                0x0000023e                __vector_107
                0x0000023e                __vector_105
                0x0000023e                __vector_98
                0x0000023e                __vector_23
                0x0000023e                __vector_68
                0x0000023e                __vector_30
                0x0000023e                __vector_73
                0x0000023e                __vector_45
                0x0000023e                __vector_25
                0x0000023e                __vector_93
                0x0000023e                __vector_61
                0x0000023e                __vector_11
                0x0000023e                __vector_54
                0x0000023e                __vector_99
                0x0000023e                __vector_13
                0x0000023e                __vector_17
                0x0000023e                __vector_19
                0x0000023e                __vector_56
                0x0000023e                __vector_7
                0x0000023e                __vector_125
                0x0000023e                __vector_49
                0x0000023e                __vector_123
                0x0000023e                __vector_41
                0x0000023e                __vector_86
                0x0000023e                __vector_100
                0x0000023e                __vector_101
                0x0000023e                __vector_88
                0x0000023e                __vector_109
                0x0000023e                __vector_43
                0x0000023e                __vector_27
                0x0000023e                __vector_5
                0x0000023e                __vector_113
                0x0000023e                __vector_33
                0x0000023e                __vector_76
                0x0000023e                __vector_115
                0x0000023e                __vector_47
                0x0000023e                __vector_52
                0x0000023e                __vector_37
                0x0000023e                __vector_95
                0x0000023e                __vector_103
                0x0000023e                __vector_96
                0x0000023e                __vector_89
                0x0000023e                __vector_108
                0x0000023e                __vector_4
                0x0000023e                __vector_44
                0x0000023e                __vector_82
                0x0000023e                __vector_106
                0x0000023e                __vector_118
                0x0000023e                __vector_51
                0x0000023e                __vector_9
                0x0000023e                __vector_21
                0x0000023e                __vector_15
                0x0000023e                __vector_66
                0x0000023e                __vector_36
                0x0000023e                __vector_79
                0x0000023e                __vector_58
                0x0000023e                __vector_70
                0x0000023e                __vector_83
                0x0000023e                __vector_29
                0x0000023e                __vector_60
                0x0000023e                __vector_121
                0x0000023e                __vector_40
                0x0000023e                __vector_85
                0x0000023e                __vector_94
                0x0000023e                __vector_126
                0x0000023e                __vector_8
                0x0000023e                __vector_26
                0x0000023e                __vector_48
                0x0000023e                __vector_124
                0x0000023e                __vector_116
                0x0000023e                __vector_112
                0x0000023e                __vector_111
                0x0000023e                __vector_80
                0x0000023e                __vector_14
                0x0000023e                __vector_84
                0x0000023e                __vector_57
                0x0000023e                __vector_53
                0x0000023e                __vector_10
                0x0000023e                __vector_50
                0x0000023e                __vector_16
                0x0000023e                __vector_59
                0x0000023e                __vector_18
                0x0000023e                __vector_97
                0x0000023e                __vector_20
                0x0000023e                __vector_42
                0x0000023e                __vector_87
                0x0000023e                __vector_120
                0x00000240                . = ALIGN (0x2)
 *(.text.*)
 .text.sysclk_init
                0x00000240       0x20 src/ASF/common/services/clock/xmega/sysclk.o
                0x00000240                sysclk_init
 .text.ioport_configure_port_pin
                0x00000260       0x50 src/ASF/common/services/ioport/xmega/ioport_compat.o
                0x00000260                ioport_configure_port_pin
 .text.board_init
                0x000002b0      0x13a src/ASF/xmega/boards/xmega_a3bu_xplained/init.o
                0x000002b0                board_init
 .text.getRandomNumber
                0x000003ea       0x16 src/main.o
                0x000003ea                getRandomNumber
 .text.lightShow
                0x00000400       0x24 src/main.o
                0x00000400                lightShow
 .text.addSequenceElement
                0x00000424       0x32 src/main.o
                0x00000424                addSequenceElement
 .text.gameOver
                0x00000456      0x242 src/main.o
                0x00000456                gameOver
 .text.init     0x00000698       0x88 src/main.o
                0x00000698                init
 .text.toggleLight
                0x00000720      0x31c src/main.o
                0x00000720                toggleLight
 .text.displaySequence
                0x00000a3c      0x13a src/main.o
                0x00000a3c                displaySequence
 .text.toggleInputLight
                0x00000b76      0x316 src/main.o
                0x00000b76                toggleInputLight
 .text.__vector_2
                0x00000e8c      0x230 src/main.o
                0x00000e8c                __vector_2
 .text.__vector_3
                0x000010bc       0x84 src/main.o
                0x000010bc                __vector_3
 .text.__vector_64
                0x00001140      0x1a6 src/main.o
                0x00001140                __vector_64
 .text.__vector_65
                0x000012e6       0x7a src/main.o
                0x000012e6                __vector_65
 .text.waitForInput
                0x00001360       0x3c src/main.o
                0x00001360                waitForInput
 .text.readSequence
                0x0000139c       0x7a src/main.o
                0x0000139c                readSequence
 .text.run      0x00001416       0x9e src/main.o
                0x00001416                run
 .text.gameRunCheck
                0x000014b4       0x44 src/main.o
                0x000014b4                gameRunCheck
 .text.main     0x000014f8        0x8 src/main.o
                0x000014f8                main
 .text.avr-libc.fplib
                0x00001500        0x4 c:/program files (x86)/atmel/atmel toolchain/avr8 gcc/native/3.4.1051/avr8-gnu-toolchain/bin/../lib/gcc/avr/4.8.1/../../../../avr/lib/avrxmega6\libm.a(divsf3.o)
                0x00001500                __divsf3
 .text.avr-libc.fplib
                0x00001504       0xcc c:/program files (x86)/atmel/atmel toolchain/avr8 gcc/native/3.4.1051/avr8-gnu-toolchain/bin/../lib/gcc/avr/4.8.1/../../../../avr/lib/avrxmega6\libm.a(divsf3x.o)
                0x0000151a                __divsf3x
                0x0000151e                __divsf3_pse
 .text.avr-libc.fplib
                0x000015d0       0x74 c:/program files (x86)/atmel/atmel toolchain/avr8 gcc/native/3.4.1051/avr8-gnu-toolchain/bin/../lib/gcc/avr/4.8.1/../../../../avr/lib/avrxmega6\libm.a(fixsfdi.o)
                0x000015d0                __fixsfdi
                0x000015da                __fixunssfdi
 .text.avr-libc.fplib
                0x00001644       0x7c c:/program files (x86)/atmel/atmel toolchain/avr8 gcc/native/3.4.1051/avr8-gnu-toolchain/bin/../lib/gcc/avr/4.8.1/../../../../avr/lib/avrxmega6\libm.a(floatundisf.o)
                0x00001644                __floatundisf
                0x00001646                __fp_di2sf
 .text.avr-libc.fplib
                0x000016c0        0xc c:/program files (x86)/atmel/atmel toolchain/avr8 gcc/native/3.4.1051/avr8-gnu-toolchain/bin/../lib/gcc/avr/4.8.1/../../../../avr/lib/avrxmega6\libm.a(fp_inf.o)
                0x000016c0                __fp_inf
 .text.avr-libc.fplib
                0x000016cc        0x6 c:/program files (x86)/atmel/atmel toolchain/avr8 gcc/native/3.4.1051/avr8-gnu-toolchain/bin/../lib/gcc/avr/4.8.1/../../../../avr/lib/avrxmega6\libm.a(fp_nan.o)
                0x000016cc                __fp_nan
 .text.avr-libc.fplib
                0x000016d2       0x20 c:/program files (x86)/atmel/atmel toolchain/avr8 gcc/native/3.4.1051/avr8-gnu-toolchain/bin/../lib/gcc/avr/4.8.1/../../../../avr/lib/avrxmega6\libm.a(fp_negdi.o)
                0x000016d2                __fp_negdi
 .text.avr-libc.fplib
                0x000016f2        0xe c:/program files (x86)/atmel/atmel toolchain/avr8 gcc/native/3.4.1051/avr8-gnu-toolchain/bin/../lib/gcc/avr/4.8.1/../../../../avr/lib/avrxmega6\libm.a(fp_pscA.o)
                0x000016f2                __fp_pscA
 .text.avr-libc.fplib
                0x00001700        0xe c:/program files (x86)/atmel/atmel toolchain/avr8 gcc/native/3.4.1051/avr8-gnu-toolchain/bin/../lib/gcc/avr/4.8.1/../../../../avr/lib/avrxmega6\libm.a(fp_pscB.o)
                0x00001700                __fp_pscB
 .text.avr-libc.fplib
                0x0000170e       0x22 c:/program files (x86)/atmel/atmel toolchain/avr8 gcc/native/3.4.1051/avr8-gnu-toolchain/bin/../lib/gcc/avr/4.8.1/../../../../avr/lib/avrxmega6\libm.a(fp_round.o)
                0x0000170e                __fp_round
 .text.avr-libc.fplib
                0x00001730       0x44 c:/program files (x86)/atmel/atmel toolchain/avr8 gcc/native/3.4.1051/avr8-gnu-toolchain/bin/../lib/gcc/avr/4.8.1/../../../../avr/lib/avrxmega6\libm.a(fp_split3.o)
                0x00001730                __fp_split3
                0x00001740                __fp_splitA
 .text.avr-libc.fplib
                0x00001774        0xe c:/program files (x86)/atmel/atmel toolchain/avr8 gcc/native/3.4.1051/avr8-gnu-toolchain/bin/../lib/gcc/avr/4.8.1/../../../../avr/lib/avrxmega6\libm.a(fp_zero.o)
                0x00001774                __fp_zero
                0x00001776                __fp_szero
 .text.libgcc.builtins
                0x00001782       0x32 c:/program files (x86)/atmel/atmel toolchain/avr8 gcc/native/3.4.1051/avr8-gnu-toolchain/bin/../lib/gcc/avr/4.8.1/avrxmega6\libgcc.a(_ashldi3.o)
                0x00001782                __ashldi3
 .text.libgcc   0x000017b4       0x12 c:/program files (x86)/atmel/atmel toolchain/avr8 gcc/native/3.4.1051/avr8-gnu-toolchain/bin/../lib/gcc/avr/4.8.1/avrxmega6\libgcc.a(_adddi3.o)
                0x000017b4                __adddi3
 .text.libgcc   0x000017c6       0x12 c:/program files (x86)/atmel/atmel toolchain/avr8 gcc/native/3.4.1051/avr8-gnu-toolchain/bin/../lib/gcc/avr/4.8.1/avrxmega6\libgcc.a(_subdi3.o)
                0x000017c6                __subdi3
 .text.avr-libc
                0x000017d8       0xae c:/program files (x86)/atmel/atmel toolchain/avr8 gcc/native/3.4.1051/avr8-gnu-toolchain/bin/../lib/gcc/avr/4.8.1/../../../../avr/lib/avrxmega6\libc.a(rand.o)
                0x00001868                rand_r
                0x0000186a                rand
                0x00001870                srand
 .text.avr-libc
                0x00001886       0x20 c:/program files (x86)/atmel/atmel toolchain/avr8 gcc/native/3.4.1051/avr8-gnu-toolchain/bin/../lib/gcc/avr/4.8.1/../../../../avr/lib/avrxmega6\libc.a(eerd_byte_atxmega256a3bu.o)
                0x00001886                __eerd_byte_x256a3bu
                0x0000188e                eeprom_mapen
 .text.avr-libc
                0x000018a6       0x46 c:/program files (x86)/atmel/atmel toolchain/avr8 gcc/native/3.4.1051/avr8-gnu-toolchain/bin/../lib/gcc/avr/4.8.1/../../../../avr/lib/avrxmega6\libc.a(eewr_byte_atxmega256a3bu.o)
                0x000018a6                __eewr_byte_x256a3bu
                0x000018a8                __eewr_r18_x256a3bu
 .text.libgcc.div
                0x000018ec       0x28 c:/program files (x86)/atmel/atmel toolchain/avr8 gcc/native/3.4.1051/avr8-gnu-toolchain/bin/../lib/gcc/avr/4.8.1/avrxmega6\libgcc.a(_divmodsi4.o)
                0x000018ec                __divmodsi4
 .text.libgcc.div
                0x00001914       0x10 c:/program files (x86)/atmel/atmel toolchain/avr8 gcc/native/3.4.1051/avr8-gnu-toolchain/bin/../lib/gcc/avr/4.8.1/avrxmega6\libgcc.a(_negsi2.o)
                0x00001914                __negsi2
 .text.libgcc.mul
                0x00001924       0x14 c:/program files (x86)/atmel/atmel toolchain/avr8 gcc/native/3.4.1051/avr8-gnu-toolchain/bin/../lib/gcc/avr/4.8.1/avrxmega6\libgcc.a(_muluhisi3.o)
                0x00001924                __muluhisi3
 .text.libgcc.mul
                0x00001938        0xc c:/program files (x86)/atmel/atmel toolchain/avr8 gcc/native/3.4.1051/avr8-gnu-toolchain/bin/../lib/gcc/avr/4.8.1/avrxmega6\libgcc.a(_mulshisi3.o)
                0x00001938                __mulshisi3
                0x0000193c                __mulohisi3
 .text.libgcc.div
                0x00001944       0x44 c:/program files (x86)/atmel/atmel toolchain/avr8 gcc/native/3.4.1051/avr8-gnu-toolchain/bin/../lib/gcc/avr/4.8.1/avrxmega6\libgcc.a(_udivmodsi4.o)
                0x00001944                __udivmodsi4
 .text.libgcc.mul
                0x00001988       0x1e c:/program files (x86)/atmel/atmel toolchain/avr8 gcc/native/3.4.1051/avr8-gnu-toolchain/bin/../lib/gcc/avr/4.8.1/avrxmega6\libgcc.a(_umulhisi3.o)
                0x00001988                __umulhisi3
                0x000019a6                . = ALIGN (0x2)
 *(.fini9)
 .fini9         0x000019a6        0x0 c:/program files (x86)/atmel/atmel toolchain/avr8 gcc/native/3.4.1051/avr8-gnu-toolchain/bin/../lib/gcc/avr/4.8.1/avrxmega6\libgcc.a(_exit.o)
                0x000019a6                _exit
                0x000019a6                exit
 *(.fini9)
 *(.fini8)
 *(.fini8)
 *(.fini7)
 *(.fini7)
 *(.fini6)
 *(.fini6)
 *(.fini5)
 *(.fini5)
 *(.fini4)
 *(.fini4)
 *(.fini3)
 *(.fini3)
 *(.fini2)
 *(.fini2)
 *(.fini1)
 *(.fini1)
 *(.fini0)
 .fini0         0x000019a6        0x4 c:/program files (x86)/atmel/atmel toolchain/avr8 gcc/native/3.4.1051/avr8-gnu-toolchain/bin/../lib/gcc/avr/4.8.1/avrxmega6\libgcc.a(_exit.o)
 *(.fini0)
                0x000019aa                _etext = .

.data           0x00802000        0xa load address 0x000019aa
                0x00802000                PROVIDE (__data_start, .)
 *(.data)
 .data          0x00802000        0x0 c:/program files (x86)/atmel/atmel toolchain/avr8 gcc/native/3.4.1051/avr8-gnu-toolchain/bin/../lib/gcc/avr/4.8.1/../../../../avr/lib/avrxmega6/crtx256a3bu.o
 .data          0x00802000        0x0 src/ASF/common/services/clock/xmega/sysclk.o
 .data          0x00802000        0x0 src/ASF/xmega/drivers/nvm/nvm.o
 .data          0x00802000        0x0 src/ASF/xmega/drivers/nvm/nvm_asm.o
 .data          0x00802000        0x0 src/ASF/xmega/drivers/cpu/ccp.o
 .data          0x00802000        0x0 src/ASF/common/services/ioport/xmega/ioport_compat.o
 .data          0x00802000        0x0 src/ASF/xmega/boards/xmega_a3bu_xplained/init.o
 .data          0x00802000        0x0 src/main.o
 .data          0x00802000        0x0 c:/program files (x86)/atmel/atmel toolchain/avr8 gcc/native/3.4.1051/avr8-gnu-toolchain/bin/../lib/gcc/avr/4.8.1/../../../../avr/lib/avrxmega6\libm.a(divsf3.o)
 .data          0x00802000        0x0 c:/program files (x86)/atmel/atmel toolchain/avr8 gcc/native/3.4.1051/avr8-gnu-toolchain/bin/../lib/gcc/avr/4.8.1/../../../../avr/lib/avrxmega6\libm.a(divsf3x.o)
 .data          0x00802000        0x0 c:/program files (x86)/atmel/atmel toolchain/avr8 gcc/native/3.4.1051/avr8-gnu-toolchain/bin/../lib/gcc/avr/4.8.1/../../../../avr/lib/avrxmega6\libm.a(fixsfdi.o)
 .data          0x00802000        0x0 c:/program files (x86)/atmel/atmel toolchain/avr8 gcc/native/3.4.1051/avr8-gnu-toolchain/bin/../lib/gcc/avr/4.8.1/../../../../avr/lib/avrxmega6\libm.a(floatundisf.o)
 .data          0x00802000        0x0 c:/program files (x86)/atmel/atmel toolchain/avr8 gcc/native/3.4.1051/avr8-gnu-toolchain/bin/../lib/gcc/avr/4.8.1/../../../../avr/lib/avrxmega6\libm.a(fp_inf.o)
 .data          0x00802000        0x0 c:/program files (x86)/atmel/atmel toolchain/avr8 gcc/native/3.4.1051/avr8-gnu-toolchain/bin/../lib/gcc/avr/4.8.1/../../../../avr/lib/avrxmega6\libm.a(fp_nan.o)
 .data          0x00802000        0x0 c:/program files (x86)/atmel/atmel toolchain/avr8 gcc/native/3.4.1051/avr8-gnu-toolchain/bin/../lib/gcc/avr/4.8.1/../../../../avr/lib/avrxmega6\libm.a(fp_negdi.o)
 .data          0x00802000        0x0 c:/program files (x86)/atmel/atmel toolchain/avr8 gcc/native/3.4.1051/avr8-gnu-toolchain/bin/../lib/gcc/avr/4.8.1/../../../../avr/lib/avrxmega6\libm.a(fp_pscA.o)
 .data          0x00802000        0x0 c:/program files (x86)/atmel/atmel toolchain/avr8 gcc/native/3.4.1051/avr8-gnu-toolchain/bin/../lib/gcc/avr/4.8.1/../../../../avr/lib/avrxmega6\libm.a(fp_pscB.o)
 .data          0x00802000        0x0 c:/program files (x86)/atmel/atmel toolchain/avr8 gcc/native/3.4.1051/avr8-gnu-toolchain/bin/../lib/gcc/avr/4.8.1/../../../../avr/lib/avrxmega6\libm.a(fp_round.o)
 .data          0x00802000        0x0 c:/program files (x86)/atmel/atmel toolchain/avr8 gcc/native/3.4.1051/avr8-gnu-toolchain/bin/../lib/gcc/avr/4.8.1/../../../../avr/lib/avrxmega6\libm.a(fp_split3.o)
 .data          0x00802000        0x0 c:/program files (x86)/atmel/atmel toolchain/avr8 gcc/native/3.4.1051/avr8-gnu-toolchain/bin/../lib/gcc/avr/4.8.1/../../../../avr/lib/avrxmega6\libm.a(fp_zero.o)
 .data          0x00802000        0x0 c:/program files (x86)/atmel/atmel toolchain/avr8 gcc/native/3.4.1051/avr8-gnu-toolchain/bin/../lib/gcc/avr/4.8.1/avrxmega6\libgcc.a(_exit.o)
 .data          0x00802000        0x0 c:/program files (x86)/atmel/atmel toolchain/avr8 gcc/native/3.4.1051/avr8-gnu-toolchain/bin/../lib/gcc/avr/4.8.1/avrxmega6\libgcc.a(_copy_data.o)
 .data          0x00802000        0x0 c:/program files (x86)/atmel/atmel toolchain/avr8 gcc/native/3.4.1051/avr8-gnu-toolchain/bin/../lib/gcc/avr/4.8.1/avrxmega6\libgcc.a(_clear_bss.o)
 .data          0x00802000        0x0 c:/program files (x86)/atmel/atmel toolchain/avr8 gcc/native/3.4.1051/avr8-gnu-toolchain/bin/../lib/gcc/avr/4.8.1/avrxmega6\libgcc.a(_ashldi3.o)
 .data          0x00802000        0x0 c:/program files (x86)/atmel/atmel toolchain/avr8 gcc/native/3.4.1051/avr8-gnu-toolchain/bin/../lib/gcc/avr/4.8.1/avrxmega6\libgcc.a(_adddi3.o)
 .data          0x00802000        0x0 c:/program files (x86)/atmel/atmel toolchain/avr8 gcc/native/3.4.1051/avr8-gnu-toolchain/bin/../lib/gcc/avr/4.8.1/avrxmega6\libgcc.a(_subdi3.o)
 .data          0x00802000        0x4 c:/program files (x86)/atmel/atmel toolchain/avr8 gcc/native/3.4.1051/avr8-gnu-toolchain/bin/../lib/gcc/avr/4.8.1/../../../../avr/lib/avrxmega6\libc.a(rand.o)
 .data          0x00802004        0x0 c:/program files (x86)/atmel/atmel toolchain/avr8 gcc/native/3.4.1051/avr8-gnu-toolchain/bin/../lib/gcc/avr/4.8.1/../../../../avr/lib/avrxmega6\libc.a(memcpy.o)
 .data          0x00802004        0x0 c:/program files (x86)/atmel/atmel toolchain/avr8 gcc/native/3.4.1051/avr8-gnu-toolchain/bin/../lib/gcc/avr/4.8.1/../../../../avr/lib/avrxmega6\libc.a(eerd_byte_atxmega256a3bu.o)
 .data          0x00802004        0x0 c:/program files (x86)/atmel/atmel toolchain/avr8 gcc/native/3.4.1051/avr8-gnu-toolchain/bin/../lib/gcc/avr/4.8.1/../../../../avr/lib/avrxmega6\libc.a(eewr_byte_atxmega256a3bu.o)
 .data          0x00802004        0x0 c:/program files (x86)/atmel/atmel toolchain/avr8 gcc/native/3.4.1051/avr8-gnu-toolchain/bin/../lib/gcc/avr/4.8.1/avrxmega6\libgcc.a(_divmodsi4.o)
 .data          0x00802004        0x0 c:/program files (x86)/atmel/atmel toolchain/avr8 gcc/native/3.4.1051/avr8-gnu-toolchain/bin/../lib/gcc/avr/4.8.1/avrxmega6\libgcc.a(_negsi2.o)
 .data          0x00802004        0x0 c:/program files (x86)/atmel/atmel toolchain/avr8 gcc/native/3.4.1051/avr8-gnu-toolchain/bin/../lib/gcc/avr/4.8.1/avrxmega6\libgcc.a(_muluhisi3.o)
 .data          0x00802004        0x0 c:/program files (x86)/atmel/atmel toolchain/avr8 gcc/native/3.4.1051/avr8-gnu-toolchain/bin/../lib/gcc/avr/4.8.1/avrxmega6\libgcc.a(_mulshisi3.o)
 .data          0x00802004        0x0 c:/program files (x86)/atmel/atmel toolchain/avr8 gcc/native/3.4.1051/avr8-gnu-toolchain/bin/../lib/gcc/avr/4.8.1/avrxmega6\libgcc.a(_udivmodsi4.o)
 .data          0x00802004        0x0 c:/program files (x86)/atmel/atmel toolchain/avr8 gcc/native/3.4.1051/avr8-gnu-toolchain/bin/../lib/gcc/avr/4.8.1/avrxmega6\libgcc.a(_umulhisi3.o)
 *(.data*)
 .data.menuMode
                0x00802004        0x2 src/main.o
                0x00802004                menuMode
 .data.inputDelay
                0x00802006        0x2 src/main.o
                0x00802006                inputDelay
 .data.globalDelay
                0x00802008        0x2 src/main.o
                0x00802008                globalDelay
 *(.rodata)
 *(.rodata*)
 *(.gnu.linkonce.d*)
                0x0080200a                . = ALIGN (0x2)
                0x0080200a                _edata = .
                0x0080200a                PROVIDE (__data_end, .)

.bss            0x0080200a      0x1a2
                0x0080200a                PROVIDE (__bss_start, .)
 *(.bss)
 *(.bss*)
 .bss.gameRun   0x0080200a        0x2 src/main.o
                0x0080200a                gameRun
 .bss.highScore
                0x0080200c        0x2 src/main.o
                0x0080200c                highScore
 .bss.crazyShit
                0x0080200e        0x2 src/main.o
                0x0080200e                crazyShit
 .bss.inputReceived
                0x00802010        0x2 src/main.o
                0x00802010                inputReceived
 *(COMMON)
 COMMON         0x00802012      0x19a src/main.o
                0x00802012                lastButtonRead
                0x00802014                j
                0x00802016                memorySequence
                0x008021a6                gameOverIndicator
                0x008021a8                i
                0x008021aa                count
                0x008021ac                PROVIDE (__bss_end, .)
                0x000019aa                __data_load_start = LOADADDR (.data)
                0x000019b4                __data_load_end = (__data_load_start + SIZEOF (.data))

.noinit         0x008021ac        0x0
                0x008021ac                PROVIDE (__noinit_start, .)
 *(.noinit*)
                0x008021ac                PROVIDE (__noinit_end, .)
                0x008021ac                _end = .
                0x008021ac                PROVIDE (__heap_start, .)

.eeprom         0x00810000        0x0
 *(.eeprom*)
                0x00810000                __eeprom_end = .

.fuse
 *(.fuse)
 *(.lfuse)
 *(.hfuse)
 *(.efuse)

.lock
 *(.lock*)

.signature
 *(.signature*)

.user_signatures
 *(.user_signatures*)

.stab
 *(.stab)

.stabstr
 *(.stabstr)

.stab.excl
 *(.stab.excl)

.stab.exclstr
 *(.stab.exclstr)

.stab.index
 *(.stab.index)

.stab.indexstr
 *(.stab.indexstr)

.comment        0x00000000       0x30
 *(.comment)
 .comment       0x00000000       0x30 src/ASF/common/services/clock/xmega/sysclk.o
                                 0x31 (size before relaxing)
 .comment       0x00000000       0x31 src/ASF/xmega/drivers/nvm/nvm.o
 .comment       0x00000000       0x31 src/ASF/common/services/ioport/xmega/ioport_compat.o
 .comment       0x00000000       0x31 src/ASF/xmega/boards/xmega_a3bu_xplained/init.o
 .comment       0x00000000       0x31 src/main.o
 .comment       0x00000000       0x31 c:/program files (x86)/atmel/atmel toolchain/avr8 gcc/native/3.4.1051/avr8-gnu-toolchain/bin/../lib/gcc/avr/4.8.1/../../../../avr/lib/avrxmega6\libc.a(rand.o)

.note.gnu.build-id
 *(.note.gnu.build-id)

.debug
 *(.debug)

.line
 *(.line)

.debug_srcinfo
 *(.debug_srcinfo)

.debug_sfnames
 *(.debug_sfnames)

.debug_aranges  0x00000000      0x228
 *(.debug_aranges)
 .debug_aranges
                0x00000000       0x40 src/ASF/common/services/clock/xmega/sysclk.o
 .debug_aranges
                0x00000040       0xc0 src/ASF/xmega/drivers/nvm/nvm.o
 .debug_aranges
                0x00000100       0x28 src/ASF/xmega/drivers/nvm/nvm_asm.o
 .debug_aranges
                0x00000128       0x20 src/ASF/xmega/drivers/cpu/ccp.o
 .debug_aranges
                0x00000148       0x20 src/ASF/common/services/ioport/xmega/ioport_compat.o
 .debug_aranges
                0x00000168       0x20 src/ASF/xmega/boards/xmega_a3bu_xplained/init.o
 .debug_aranges
                0x00000188       0xa0 src/main.o

.debug_pubnames
 *(.debug_pubnames)

.debug_info     0x00000000     0x33b0
 *(.debug_info .gnu.linkonce.wi.*)
 .debug_info    0x00000000      0x705 src/ASF/common/services/clock/xmega/sysclk.o
 .debug_info    0x00000705     0x13c6 src/ASF/xmega/drivers/nvm/nvm.o
 .debug_info    0x00001acb       0x96 src/ASF/xmega/drivers/nvm/nvm_asm.o
 .debug_info    0x00001b61       0x96 src/ASF/xmega/drivers/cpu/ccp.o
 .debug_info    0x00001bf7      0x11d src/ASF/common/services/ioport/xmega/ioport_compat.o
 .debug_info    0x00001d14      0xa6d src/ASF/xmega/boards/xmega_a3bu_xplained/init.o
 .debug_info    0x00002781      0xc2f src/main.o

.debug_abbrev   0x00000000      0xb65
 *(.debug_abbrev)
 .debug_abbrev  0x00000000      0x25b src/ASF/common/services/clock/xmega/sysclk.o
 .debug_abbrev  0x0000025b      0x3de src/ASF/xmega/drivers/nvm/nvm.o
 .debug_abbrev  0x00000639       0x12 src/ASF/xmega/drivers/nvm/nvm_asm.o
 .debug_abbrev  0x0000064b       0x14 src/ASF/xmega/drivers/cpu/ccp.o
 .debug_abbrev  0x0000065f       0x93 src/ASF/common/services/ioport/xmega/ioport_compat.o
 .debug_abbrev  0x000006f2      0x160 src/ASF/xmega/boards/xmega_a3bu_xplained/init.o
 .debug_abbrev  0x00000852      0x313 src/main.o

.debug_line     0x00000000     0x28f0
 *(.debug_line .debug_line.* .debug_line_end)
 .debug_line    0x00000000      0x5e3 src/ASF/common/services/clock/xmega/sysclk.o
 .debug_line    0x000005e3      0xb39 src/ASF/xmega/drivers/nvm/nvm.o
 .debug_line    0x0000111c      0x11f src/ASF/xmega/drivers/nvm/nvm_asm.o
 .debug_line    0x0000123b       0x6e src/ASF/xmega/drivers/cpu/ccp.o
 .debug_line    0x000012a9      0x48f src/ASF/common/services/ioport/xmega/ioport_compat.o
 .debug_line    0x00001738      0x4ba src/ASF/xmega/boards/xmega_a3bu_xplained/init.o
 .debug_line    0x00001bf2      0xcfe src/main.o

.debug_frame    0x00000000      0x7d0
 *(.debug_frame)
 .debug_frame   0x00000000       0x64 src/ASF/common/services/clock/xmega/sysclk.o
 .debug_frame   0x00000064      0x348 src/ASF/xmega/drivers/nvm/nvm.o
 .debug_frame   0x000003ac       0x30 src/ASF/common/services/ioport/xmega/ioport_compat.o
 .debug_frame   0x000003dc       0x24 src/ASF/xmega/boards/xmega_a3bu_xplained/init.o
 .debug_frame   0x00000400      0x3d0 src/main.o

.debug_str      0x00000000    0x28f7b
 *(.debug_str)
 .debug_str     0x00000000    0x26abc src/ASF/common/services/clock/xmega/sysclk.o
                              0x27282 (size before relaxing)
 .debug_str     0x00026abc      0xb02 src/ASF/xmega/drivers/nvm/nvm.o
                              0x25738 (size before relaxing)
 .debug_str     0x000275be      0x683 src/ASF/common/services/ioport/xmega/ioport_compat.o
                              0x251d6 (size before relaxing)
 .debug_str     0x00027c41      0x255 src/ASF/xmega/boards/xmega_a3bu_xplained/init.o
                              0x26bbb (size before relaxing)
 .debug_str     0x00027e96     0x10e5 src/main.o
                              0x28812 (size before relaxing)

.debug_loc      0x00000000     0x1f6f
 *(.debug_loc)
 .debug_loc     0x00000000      0x217 src/ASF/common/services/clock/xmega/sysclk.o
 .debug_loc     0x00000217     0x1141 src/ASF/xmega/drivers/nvm/nvm.o
 .debug_loc     0x00001358       0x66 src/ASF/common/services/ioport/xmega/ioport_compat.o
 .debug_loc     0x000013be      0xbb1 src/main.o

.debug_macinfo
 *(.debug_macinfo)

.debug_weaknames
 *(.debug_weaknames)

.debug_funcnames
 *(.debug_funcnames)

.debug_typenames
 *(.debug_typenames)

.debug_varnames
 *(.debug_varnames)

.debug_pubtypes
 *(.debug_pubtypes)

.debug_ranges   0x00000000      0x1b0
 *(.debug_ranges)
 .debug_ranges  0x00000000       0x30 src/ASF/common/services/clock/xmega/sysclk.o
 .debug_ranges  0x00000030       0xb0 src/ASF/xmega/drivers/nvm/nvm.o
 .debug_ranges  0x000000e0       0x20 src/ASF/xmega/drivers/nvm/nvm_asm.o
 .debug_ranges  0x00000100       0x10 src/ASF/common/services/ioport/xmega/ioport_compat.o
 .debug_ranges  0x00000110       0x10 src/ASF/xmega/boards/xmega_a3bu_xplained/init.o
 .debug_ranges  0x00000120       0x90 src/main.o

.debug_macro    0x00000000     0x9808
 *(.debug_macro)
 .debug_macro   0x00000000      0x1db src/ASF/common/services/clock/xmega/sysclk.o
 .debug_macro   0x000001db      0xa6c src/ASF/common/services/clock/xmega/sysclk.o
 .debug_macro   0x00000c47       0x10 src/ASF/common/services/clock/xmega/sysclk.o
 .debug_macro   0x00000c57      0x1ad src/ASF/common/services/clock/xmega/sysclk.o
 .debug_macro   0x00000e04      0x293 src/ASF/common/services/clock/xmega/sysclk.o
 .debug_macro   0x00001097       0x9e src/ASF/common/services/clock/xmega/sysclk.o
 .debug_macro   0x00001135     0x5cc8 src/ASF/common/services/clock/xmega/sysclk.o
 .debug_macro   0x00006dfd       0x9a src/ASF/common/services/clock/xmega/sysclk.o
 .debug_macro   0x00006e97       0xf1 src/ASF/common/services/clock/xmega/sysclk.o
 .debug_macro   0x00006f88       0x34 src/ASF/common/services/clock/xmega/sysclk.o
 .debug_macro   0x00006fbc       0x10 src/ASF/common/services/clock/xmega/sysclk.o
 .debug_macro   0x00006fcc       0x18 src/ASF/common/services/clock/xmega/sysclk.o
 .debug_macro   0x00006fe4       0x5e src/ASF/common/services/clock/xmega/sysclk.o
 .debug_macro   0x00007042       0x10 src/ASF/common/services/clock/xmega/sysclk.o
 .debug_macro   0x00007052       0x22 src/ASF/common/services/clock/xmega/sysclk.o
 .debug_macro   0x00007074      0x166 src/ASF/common/services/clock/xmega/sysclk.o
 .debug_macro   0x000071da       0x1c src/ASF/common/services/clock/xmega/sysclk.o
 .debug_macro   0x000071f6       0x35 src/ASF/common/services/clock/xmega/sysclk.o
 .debug_macro   0x0000722b       0x66 src/ASF/common/services/clock/xmega/sysclk.o
 .debug_macro   0x00007291      0x3b9 src/ASF/common/services/clock/xmega/sysclk.o
 .debug_macro   0x0000764a       0x97 src/ASF/common/services/clock/xmega/sysclk.o
 .debug_macro   0x000076e1       0x17 src/ASF/common/services/clock/xmega/sysclk.o
 .debug_macro   0x000076f8      0x250 src/ASF/common/services/clock/xmega/sysclk.o
 .debug_macro   0x00007948       0x76 src/ASF/common/services/clock/xmega/sysclk.o
 .debug_macro   0x000079be       0x16 src/ASF/common/services/clock/xmega/sysclk.o
 .debug_macro   0x000079d4      0x6e0 src/ASF/common/services/clock/xmega/sysclk.o
 .debug_macro   0x000080b4       0x10 src/ASF/common/services/clock/xmega/sysclk.o
 .debug_macro   0x000080c4      0x175 src/ASF/common/services/clock/xmega/sysclk.o
 .debug_macro   0x00008239       0x40 src/ASF/common/services/clock/xmega/sysclk.o
 .debug_macro   0x00008279       0x69 src/ASF/common/services/clock/xmega/sysclk.o
 .debug_macro   0x000082e2       0x32 src/ASF/common/services/clock/xmega/sysclk.o
 .debug_macro   0x00008314       0xe4 src/ASF/common/services/clock/xmega/sysclk.o
 .debug_macro   0x000083f8       0x22 src/ASF/common/services/clock/xmega/sysclk.o
 .debug_macro   0x0000841a      0x20d src/ASF/common/services/clock/xmega/sysclk.o
 .debug_macro   0x00008627      0x302 src/ASF/common/services/clock/xmega/sysclk.o
 .debug_macro   0x00008929       0x7b src/ASF/common/services/clock/xmega/sysclk.o
 .debug_macro   0x000089a4       0x2f src/ASF/common/services/clock/xmega/sysclk.o
 .debug_macro   0x000089d3      0x154 src/ASF/common/services/clock/xmega/sysclk.o
 .debug_macro   0x00008b27       0x26 src/ASF/common/services/clock/xmega/sysclk.o
 .debug_macro   0x00008b4d      0x198 src/ASF/xmega/drivers/nvm/nvm.o
 .debug_macro   0x00008ce5       0x16 src/ASF/xmega/drivers/nvm/nvm.o
 .debug_macro   0x00008cfb      0x193 src/ASF/common/services/ioport/xmega/ioport_compat.o
 .debug_macro   0x00008e8e       0x82 src/ASF/common/services/ioport/xmega/ioport_compat.o
 .debug_macro   0x00008f10      0x109 src/ASF/common/services/ioport/xmega/ioport_compat.o
 .debug_macro   0x00009019      0x1b5 src/ASF/xmega/boards/xmega_a3bu_xplained/init.o
 .debug_macro   0x000091ce       0x2e src/ASF/xmega/boards/xmega_a3bu_xplained/init.o
 .debug_macro   0x000091fc      0x207 src/ASF/xmega/boards/xmega_a3bu_xplained/init.o
 .debug_macro   0x00009403      0x28a src/main.o
 .debug_macro   0x0000968d       0x34 src/main.o
 .debug_macro   0x000096c1       0x28 src/main.o
 .debug_macro   0x000096e9       0x22 src/main.o
 .debug_macro   0x0000970b       0x40 src/main.o
 .debug_macro   0x0000974b       0x88 src/main.o
 .debug_macro   0x000097d3       0x35 src/main.o
OUTPUT(SIMONSAYS.elf elf32-avr)
LOAD linker stubs

.BOOT           0x00040000        0x0
